The number rounded to the nearest integer: 3
The number rounded to the nearest tenth: 2.6
The number rounded to the nearest hundredth: 2.56
The number rounded to the nearest thousandth: 2.564
