Heads Tails Heads Heads Heads Heads Tails Tails Heads Heads 
Tails Heads Tails Heads Heads Tails Tails Tails Tails Tails 
Heads Tails Heads Heads Tails Tails Tails Heads Heads Heads 
Heads Tails Tails Tails Heads Heads Heads Tails Heads Tails 
Heads Heads Heads Heads Tails Heads Tails Tails Heads Tails 
Heads Tails Heads Tails Tails Heads Tails Tails Tails Heads 
Heads Heads Tails Heads Tails Heads Tails Heads Heads Heads 
Tails Heads Tails Heads Tails Heads Tails Tails Heads Tails 
Heads Tails Tails Tails Tails Tails Heads Heads Tails Heads 
Tails Tails Tails Tails Heads Tails Tails Tails Tails Heads 

The total number of Head was 48
The total number of Tails was 52
