4 is not a multiple of 3

3 is not a multiple of 12

12 is a multiple of 3

