Mahattan Island for %24.00. After 395 years.

Rate: 5%
$5623210928.41

Rate: 6%
$237699364867.84

Rate: 7%
$9700707893678.55

Rate: 8%
$382467607417431.25

Rate: 9%
$14577328081832902.00

Rate: 10%
$537429967315082432.00
