Enter a number: 8.22 rounded is 8
Enter a number: 7.98 rounded is 8
Enter a number: 4.52 rounded is 5
Enter a number: 6.9999 rounded is 7
Enter a number: 3.345 rounded is 3
