How much is 3 times 6? Excellent!

How much is 5 times 3? No. Keep trying. Nice work!

