Enter base: Enter positive exponent: 5 to the power 4 is: 625
