Amount of time in seconds between two time is: 60 seconds
