Enter an integer: 8 is an even integer

Enter an integer: 3 is an odd integer

Enter an integer: 99 is an odd integer

