
Interest Rate: 5%
Year	Amount on deposit
1	1050.00
2	1102.50
3	1157.62
4	1215.51
5	1276.28
6	1340.10
7	1407.10
8	1477.46
9	1551.33
10	1628.89

Interest Rate: 6%
Year	Amount on deposit
1	1060.00
2	1123.60
3	1191.02
4	1262.48
5	1338.23
6	1418.52
7	1503.63
8	1593.85
9	1689.48
10	1790.85

Interest Rate: 7%
Year	Amount on deposit
1	1070.00
2	1144.90
3	1225.04
4	1310.80
5	1402.55
6	1500.73
7	1605.78
8	1718.19
9	1838.46
10	1967.15

Interest Rate: 8%
Year	Amount on deposit
1	1080.00
2	1166.40
3	1259.71
4	1360.49
5	1469.33
6	1586.87
7	1713.82
8	1850.93
9	1999.00
10	2158.92

Interest Rate: 9%
Year	Amount on deposit
1	1090.00
2	1188.10
3	1295.03
4	1411.58
5	1538.62
6	1677.10
7	1828.04
8	1992.56
9	2171.89
10	2367.36

Interest Rate: 10%
Year	Amount on deposit
1	1100.00
2	1210.00
3	1331.00
4	1464.10
5	1610.51
6	1771.56
7	1948.72
8	2143.59
9	2357.95
10	2593.74
