Square 0: 
Chess board 1: 
Enter number: Enter character: Enter side: $$$$$$$$$$$
$$$$$$$$$$$
$$$$$$$$$$$
$$$$$$$$$$$
$$$$$$$$$$$
$$$$$$$$$$$
$$$$$$$$$$$
$$$$$$$$$$$
$$$$$$$$$$$
$$$$$$$$$$$
$$$$$$$$$$$
