Invalid result.
Passed: 0
Failed: 0
Passed: 1
Failed: 0
Passed: 1
Failed: 1
Passed: 2
Failed: 1
Invalid result.
Passed: 2
Failed: 1
Passed: 2
Failed: 2
Passed: 3
Failed: 2
Passed: 3
Failed: 3
Passed: 4
Failed: 3
Passed: 5
Failed: 3
Passed: 6
Failed: 3
Passed: 7
Failed: 3
