Enter 2 sides of right triangle: Hypotenuse: 1.4
Enter 2 sides of right triangle: Hypotenuse: 6.4
Enter 2 sides of right triangle: Hypotenuse: 14
