How much is 3 times 6? Very good!

How much is 7 times 5? No. Please try again. Very good!

