Year    Amount on deposit
   1              1050.0
   2              1102.50
   3              1157.10
   4              1214.85
   5              1274.70
   6              1337.70
   7              1403.85
   8              1473.15
   9              1546.65
  10              1623.30
