
Car	Hours	Charge
1         1.5        2
2         3.1      2.5
3           3        2

TOTAL     7.6      6.5
