Product of the odd integers from 1 to 15 is: 2027025
