New balance is 5894
Account: 100
Credit limit: 5500
Balance:      5894.78
Credit limit Exceeded.
