How much is 3 times 6? Wrong. Try once more. No. Keep trying. Wrong. Try once more. Keep up the good work!

Please ask your instructor for extra help
